// Jest Snapshot v1, https://goo.gl/fbAQLP

exports[`TestComponent should render item1 1`] = `
<DocumentFragment>
  <h1>
    Test
  </h1>
  <div
    class="test-try"
  >
    Test Component
  </div>
  <ul>
    <li>
      item1
    </li>
    <li>
      item2
    </li>
  </ul>
</DocumentFragment>
`;
