// Jest Snapshot v1, https://goo.gl/fbAQLP

exports[`MovieResultSearch should match snapshot 1`] = `
<DocumentFragment>
  <div
    class="movieResultSearch"
  >
    <div
      class="movieFilter"
    >
      <button
        class="movieFilterBtn movieFilterBtnChosen"
      >
        All
      </button>
      <button
        class="movieFilterBtn"
      >
        Documentary
      </button>
      <button
        class="movieFilterBtn"
      >
        Comedy
      </button>
      <button
        class="movieFilterBtn"
      >
        Horror
      </button>
      <button
        class="movieFilterBtn"
      >
        Crime
      </button>
    </div>
    <div
      class="movieSort"
    >
      <ul>
        <li
          class="movieSortBy"
        >
          Sort by
        </li>
        <li
          class="movieSortRealiseDate"
        >
          <select
            class="movieSortSelect"
            data-testid="select"
          >
            <option
              value="Release date"
            >
              Release date
            </option>
            <option
              value="Genre"
            >
              Genre
            </option>
            <option
              value="Rating"
            >
              Rating
            </option>
          </select>
          <svg
            aria-hidden="true"
            class="svg-inline--fa fa-caret-down movieSortIconCaret"
            data-icon="caret-down"
            data-prefix="fas"
            focusable="false"
            role="img"
            viewBox="0 0 320 512"
            xmlns="http://www.w3.org/2000/svg"
          >
            <path
              d="M310.6 246.6l-127.1 128C176.4 380.9 168.2 384 160 384s-16.38-3.125-22.63-9.375l-127.1-128C.2244 237.5-2.516 223.7 2.438 211.8S19.07 192 32 192h255.1c12.94 0 24.62 7.781 29.58 19.75S319.8 237.5 310.6 246.6z"
              fill="currentColor"
            />
          </svg>
        </li>
      </ul>
    </div>
    <div
      class="movieResultSearchBorderLine"
    />
  </div>
</DocumentFragment>
`;
