// Jest Snapshot v1, https://goo.gl/fbAQLP

exports[`Test should match snapshot 1`] = `
<DocumentFragment>
  <h1>
    Test
  </h1>
</DocumentFragment>
`;
